True
Found 1 CUDA devices
id 0                Tesla T4                              [SUPPORTED]
                      Compute Capability: 7.5
                           PCI Device ID: 4
                              PCI Bus ID: 0
                                    UUID: GPU-885cc47a-b38d-e120-7ecc-f95eaec74899
                                Watchdog: Disabled
             FP32/FP64 Performance Ratio: 32
                            FP16 Support: Yes
                            BF16 Support: No
                             FP8 Support: No
Summary:
	1/1 devices are supported

True
Device ID: 0
Device name: Tesla T4
Multiprocessor count: 40
Total memory: 14.56317138671875 GB
Free memory: 14.46075439453125 GB
